// Jest Snapshot v1, https://goo.gl/fbAQLP

exports[`ClientSummary should display the title 1`] = `
<section
  className="clientDetailContainer"
>
  <h4
    className="primary-color"
  >
    Client details
  </h4>
  <table
    className="clientDetailTable"
  >
    <tbody>
      <tr>
        <td>
          Client id
        </td>
        <td>
          49084369
        </td>
      </tr>
      <tr>
        <td>
          Client name
        </td>
        <td>
          AutoCBS1
        </td>
      </tr>
      <tr>
        <td>
          Client status
        </td>
        <td>
          Active
        </td>
      </tr>
      <tr>
        <td>
          Administration type
        </td>
        <td>
          Single Admin
        </td>
      </tr>
      <tr>
        <td>
          Password expiry period
        </td>
        <td>
          90 days
        </td>
      </tr>
      <tr>
        <td>
          Active form
        </td>
        <td>
          24/05/2019
        </td>
      </tr>
    </tbody>
  </table>
</section>
`;
